// Jest Snapshot v1, https://goo.gl/fbAQLP

exports[`Day matches snapshot 1`] = `
<li
  className="day success-11 oct"
  title="29/10/2019 success - 20 successes/9 failures"
/>
`;
