// Jest Snapshot v1, https://goo.gl/fbAQLP

exports[`Week matches snapshot 1`] = `
<ul
  className="week"
/>
`;
